测测试内容,哈哈哈哈
